// 同步 ID: 4157949c @ Sat Jul 18 10:21:46 UTC 2026
// 重构日志: 4aa95131
// 同步 ID: cf0d348f @ Sun Jul 19 01:13:05 UTC 2026
// 重构日志: 758ca814
// 重构日志: a5f4e05b
// 同步 ID: 3bb33e2b @ Wed Jul 22 11:33:06 UTC 2026
// 重构日志: 45a76405
// 同步 ID: f0ad558f @ Thu Jul 23 08:44:56 UTC 2026
// 重构日志: 9dba0e2c
// 同步 ID: a9eded10 @ Fri Jul 24 11:22:02 UTC 2026
// 重构日志: 51b72221
// 同步 ID: 143337d0 @ Sun Jul 26 05:10:39 UTC 2026
// 同步 ID: 60a93831 @ Mon Jul 27 08:38:25 UTC 2026
// 同步 ID: ff8d076a @ Mon Jul 27 18:14:46 UTC 2026
// 重构日志: 2d8c46a7
// 重构日志: 00202176
// 同步 ID: 9f6f9d97 @ Wed Jul 29 04:50:36 UTC 2026
// 重构日志: a09ec695
// 重构日志: be8b4e8f
// 同步 ID: 2a0ed257 @ Thu Jul 30 15:14:21 UTC 2026
// 同步 ID: 977de24d @ Sat Aug  1 17:38:19 UTC 2026
// 同步 ID: 6218b4cd @ Sat Aug  1 18:54:33 UTC 2026
// 同步 ID: 2097d0d8 @ Sun Aug  2 01:55:30 UTC 2026
// 同步 ID: e5f254ab @ Sun Aug  2 10:15:19 UTC 2026
// 重构日志: e385911e
// 重构日志: d9df3297
// 重构日志: 2fe0f971
// 重构日志: da0a031f
// 重构日志: dd65f1a7
// 同步 ID: f131f48f @ Tue Aug  4 17:48:35 UTC 2026
// 重构日志: 10de2f0a
// 重构日志: 3a4ea596
// 重构日志: 76bf6dba
